{
  "metadata": {
    "title": "diagram_3_solution",
    "snapletVersion": 1,
    "totalSteps": 13
  },
  "content": {
    "1": {
      "globals": [],
      "stack": [],
      "heap": [],
      "frames": [],
      "objects": [],
      "line": "1"
    },
    "2": {
      "globals": [
        {
          "id": "810c523e-5fe1-46ee-bc3f-415b0ef1d814",
          "name": "foo",
          "value": "id1",
          "type": "variable",
          "position": "globals"
        }
      ],
      "stack": [],
      "heap": [
        {
          "id": "515fd379-c742-45b0-9f93-ebe6752aba9f",
          "name": "id1",
          "type": "object",
          "position": "heap",
          "items": [],
          "value": "function"
        }
      ],
      "frames": [],
      "objects": [],
      "line": "4"
    },
    "3": {
      "globals": [
        {
          "id": "810c523e-5fe1-46ee-bc3f-415b0ef1d814",
          "name": "foo",
          "value": "id1",
          "type": "variable",
          "position": "globals"
        },
        {
          "id": "fb11e5b8-5c45-4da9-879d-3d628599a739",
          "name": "bar",
          "value": "id2",
          "type": "variable",
          "position": "globals"
        }
      ],
      "stack": [],
      "heap": [
        {
          "id": "515fd379-c742-45b0-9f93-ebe6752aba9f",
          "name": "id1",
          "type": "object",
          "position": "heap",
          "items": [],
          "value": "function"
        },
        {
          "id": "22dc709d-5e2f-4141-ae34-5108dc1406e1",
          "name": "id2",
          "type": "object",
          "position": "heap",
          "items": [],
          "value": "function"
        }
      ],
      "frames": [],
      "objects": [],
      "line": "7"
    },
    "4": {
      "globals": [
        {
          "id": "810c523e-5fe1-46ee-bc3f-415b0ef1d814",
          "name": "foo",
          "value": "id1",
          "type": "variable",
          "position": "globals"
        },
        {
          "id": "fb11e5b8-5c45-4da9-879d-3d628599a739",
          "name": "bar",
          "value": "id2",
          "type": "variable",
          "position": "globals"
        },
        {
          "id": "d5ecaa16-0e05-4a9a-9600-907c4c632a19",
          "name": "lst",
          "value": "id3",
          "type": "variable",
          "position": "globals"
        }
      ],
      "stack": [],
      "heap": [
        {
          "id": "515fd379-c742-45b0-9f93-ebe6752aba9f",
          "name": "id1",
          "type": "object",
          "position": "heap",
          "items": [],
          "value": "function"
        },
        {
          "id": "22dc709d-5e2f-4141-ae34-5108dc1406e1",
          "name": "id2",
          "type": "object",
          "position": "heap",
          "items": [],
          "value": "function"
        },
        {
          "id": "7142c972-6275-4ec6-a26b-e4c1be15afd7",
          "name": "id3",
          "type": "object",
          "position": "heap",
          "items": [],
          "value": "list"
        }
      ],
      "frames": [],
      "objects": {
        "7142c972-6275-4ec6-a26b-e4c1be15afd7": [
          {
            "id": "2e8cd5f9-73f7-4cd0-91f3-3db514837194",
            "name": "0",
            "value": "1",
            "type": "variable",
            "position": "heap-object-7142c972-6275-4ec6-a26b-e4c1be15afd7"
          },
          {
            "id": "390d74fc-ef1c-4f55-876f-4755e52cf78b",
            "name": "1",
            "value": "2",
            "type": "variable",
            "position": "heap-object-7142c972-6275-4ec6-a26b-e4c1be15afd7"
          },
          {
            "id": "8f5dc96a-983f-417a-8cb4-2bac381e8478",
            "name": "2",
            "value": "3",
            "type": "variable",
            "position": "heap-object-7142c972-6275-4ec6-a26b-e4c1be15afd7"
          }
        ]
      },
      "line": "8"
    },
    "5": {
      "globals": [
        {
          "id": "810c523e-5fe1-46ee-bc3f-415b0ef1d814",
          "name": "foo",
          "value": "id1",
          "type": "variable",
          "position": "globals"
        },
        {
          "id": "fb11e5b8-5c45-4da9-879d-3d628599a739",
          "name": "bar",
          "value": "id2",
          "type": "variable",
          "position": "globals"
        },
        {
          "id": "d5ecaa16-0e05-4a9a-9600-907c4c632a19",
          "name": "lst",
          "value": "id3",
          "type": "variable",
          "position": "globals"
        }
      ],
      "stack": [
        {
          "id": "8e150734-79bb-4088-b81b-7806bcbc61fa",
          "name": "foo",
          "type": "frame",
          "position": "stack",
          "items": []
        }
      ],
      "heap": [
        {
          "id": "515fd379-c742-45b0-9f93-ebe6752aba9f",
          "name": "id1",
          "type": "object",
          "position": "heap",
          "items": [],
          "value": "function"
        },
        {
          "id": "22dc709d-5e2f-4141-ae34-5108dc1406e1",
          "name": "id2",
          "type": "object",
          "position": "heap",
          "items": [],
          "value": "function"
        },
        {
          "id": "7142c972-6275-4ec6-a26b-e4c1be15afd7",
          "name": "id3",
          "type": "object",
          "position": "heap",
          "items": [],
          "value": "list"
        }
      ],
      "frames": {
        "8e150734-79bb-4088-b81b-7806bcbc61fa": [
          {
            "id": "8eac32cc-4595-4ca9-8e65-808e60164e36",
            "name": "x",
            "value": "id3",
            "type": "variable",
            "position": "stack-frame-8e150734-79bb-4088-b81b-7806bcbc61fa"
          }
        ]
      },
      "objects": {
        "7142c972-6275-4ec6-a26b-e4c1be15afd7": [
          {
            "id": "2e8cd5f9-73f7-4cd0-91f3-3db514837194",
            "name": "0",
            "value": "1",
            "type": "variable",
            "position": "heap-object-7142c972-6275-4ec6-a26b-e4c1be15afd7"
          },
          {
            "id": "390d74fc-ef1c-4f55-876f-4755e52cf78b",
            "name": "1",
            "value": "2",
            "type": "variable",
            "position": "heap-object-7142c972-6275-4ec6-a26b-e4c1be15afd7"
          },
          {
            "id": "8f5dc96a-983f-417a-8cb4-2bac381e8478",
            "name": "2",
            "value": "3",
            "type": "variable",
            "position": "heap-object-7142c972-6275-4ec6-a26b-e4c1be15afd7"
          }
        ]
      },
      "line": "1"
    },
    "6": {
      "globals": [
        {
          "id": "810c523e-5fe1-46ee-bc3f-415b0ef1d814",
          "name": "foo",
          "value": "id1",
          "type": "variable",
          "position": "globals"
        },
        {
          "id": "fb11e5b8-5c45-4da9-879d-3d628599a739",
          "name": "bar",
          "value": "id2",
          "type": "variable",
          "position": "globals"
        },
        {
          "id": "d5ecaa16-0e05-4a9a-9600-907c4c632a19",
          "name": "lst",
          "value": "id3",
          "type": "variable",
          "position": "globals"
        }
      ],
      "stack": [
        {
          "id": "8e150734-79bb-4088-b81b-7806bcbc61fa",
          "name": "foo",
          "type": "frame",
          "position": "stack",
          "items": []
        }
      ],
      "heap": [
        {
          "id": "515fd379-c742-45b0-9f93-ebe6752aba9f",
          "name": "id1",
          "type": "object",
          "position": "heap",
          "items": [],
          "value": "function"
        },
        {
          "id": "22dc709d-5e2f-4141-ae34-5108dc1406e1",
          "name": "id2",
          "type": "object",
          "position": "heap",
          "items": [],
          "value": "function"
        },
        {
          "id": "7142c972-6275-4ec6-a26b-e4c1be15afd7",
          "name": "id3",
          "type": "object",
          "position": "heap",
          "items": [],
          "value": "list"
        }
      ],
      "frames": {
        "8e150734-79bb-4088-b81b-7806bcbc61fa": [
          {
            "id": "8eac32cc-4595-4ca9-8e65-808e60164e36",
            "name": "x",
            "value": "id3",
            "type": "variable",
            "position": "stack-frame-8e150734-79bb-4088-b81b-7806bcbc61fa"
          }
        ]
      },
      "objects": {
        "7142c972-6275-4ec6-a26b-e4c1be15afd7": [
          {
            "id": "2e8cd5f9-73f7-4cd0-91f3-3db514837194",
            "name": "0",
            "value": "1",
            "type": "variable",
            "position": "heap-object-7142c972-6275-4ec6-a26b-e4c1be15afd7"
          },
          {
            "id": "390d74fc-ef1c-4f55-876f-4755e52cf78b",
            "name": "1",
            "value": "2",
            "type": "variable",
            "position": "heap-object-7142c972-6275-4ec6-a26b-e4c1be15afd7"
          },
          {
            "id": "8f5dc96a-983f-417a-8cb4-2bac381e8478",
            "name": "2",
            "value": "3",
            "type": "variable",
            "position": "heap-object-7142c972-6275-4ec6-a26b-e4c1be15afd7"
          }
        ]
      },
      "line": "2"
    },
    "7": {
      "globals": [
        {
          "id": "810c523e-5fe1-46ee-bc3f-415b0ef1d814",
          "name": "foo",
          "value": "id1",
          "type": "variable",
          "position": "globals"
        },
        {
          "id": "fb11e5b8-5c45-4da9-879d-3d628599a739",
          "name": "bar",
          "value": "id2",
          "type": "variable",
          "position": "globals"
        },
        {
          "id": "d5ecaa16-0e05-4a9a-9600-907c4c632a19",
          "name": "lst",
          "value": "id3",
          "type": "variable",
          "position": "globals"
        }
      ],
      "stack": [
        {
          "id": "8e150734-79bb-4088-b81b-7806bcbc61fa",
          "name": "foo",
          "type": "frame",
          "position": "stack",
          "items": []
        }
      ],
      "heap": [
        {
          "id": "515fd379-c742-45b0-9f93-ebe6752aba9f",
          "name": "id1",
          "type": "object",
          "position": "heap",
          "items": [],
          "value": "function"
        },
        {
          "id": "22dc709d-5e2f-4141-ae34-5108dc1406e1",
          "name": "id2",
          "type": "object",
          "position": "heap",
          "items": [],
          "value": "function"
        },
        {
          "id": "7142c972-6275-4ec6-a26b-e4c1be15afd7",
          "name": "id3",
          "type": "object",
          "position": "heap",
          "items": [],
          "value": "list"
        }
      ],
      "frames": {
        "8e150734-79bb-4088-b81b-7806bcbc61fa": [
          {
            "id": "8eac32cc-4595-4ca9-8e65-808e60164e36",
            "name": "x",
            "value": "id3",
            "type": "variable",
            "position": "stack-frame-8e150734-79bb-4088-b81b-7806bcbc61fa"
          }
        ]
      },
      "objects": {
        "7142c972-6275-4ec6-a26b-e4c1be15afd7": [
          {
            "id": "2e8cd5f9-73f7-4cd0-91f3-3db514837194",
            "name": "0",
            "value": "2",
            "type": "variable",
            "position": "heap-object-7142c972-6275-4ec6-a26b-e4c1be15afd7"
          },
          {
            "id": "390d74fc-ef1c-4f55-876f-4755e52cf78b",
            "name": "1",
            "value": "2",
            "type": "variable",
            "position": "heap-object-7142c972-6275-4ec6-a26b-e4c1be15afd7"
          },
          {
            "id": "8f5dc96a-983f-417a-8cb4-2bac381e8478",
            "name": "2",
            "value": "3",
            "type": "variable",
            "position": "heap-object-7142c972-6275-4ec6-a26b-e4c1be15afd7"
          }
        ]
      },
      "line": "3"
    },
    "8": {
      "globals": [
        {
          "id": "810c523e-5fe1-46ee-bc3f-415b0ef1d814",
          "name": "foo",
          "value": "id1",
          "type": "variable",
          "position": "globals"
        },
        {
          "id": "fb11e5b8-5c45-4da9-879d-3d628599a739",
          "name": "bar",
          "value": "id2",
          "type": "variable",
          "position": "globals"
        },
        {
          "id": "d5ecaa16-0e05-4a9a-9600-907c4c632a19",
          "name": "lst",
          "value": "id3",
          "type": "variable",
          "position": "globals"
        }
      ],
      "stack": [
        {
          "id": "8e150734-79bb-4088-b81b-7806bcbc61fa",
          "name": "foo",
          "type": "frame",
          "position": "stack",
          "items": []
        },
        {
          "id": "a9821399-78d8-444e-979c-a3cb5306109b",
          "name": "bar",
          "type": "frame",
          "position": "stack",
          "items": []
        }
      ],
      "heap": [
        {
          "id": "515fd379-c742-45b0-9f93-ebe6752aba9f",
          "name": "id1",
          "type": "object",
          "position": "heap",
          "items": [],
          "value": "function"
        },
        {
          "id": "22dc709d-5e2f-4141-ae34-5108dc1406e1",
          "name": "id2",
          "type": "object",
          "position": "heap",
          "items": [],
          "value": "function"
        },
        {
          "id": "7142c972-6275-4ec6-a26b-e4c1be15afd7",
          "name": "id3",
          "type": "object",
          "position": "heap",
          "items": [],
          "value": "list"
        }
      ],
      "frames": {
        "8e150734-79bb-4088-b81b-7806bcbc61fa": [
          {
            "id": "8eac32cc-4595-4ca9-8e65-808e60164e36",
            "name": "x",
            "value": "id3",
            "type": "variable",
            "position": "stack-frame-8e150734-79bb-4088-b81b-7806bcbc61fa"
          }
        ],
        "a9821399-78d8-444e-979c-a3cb5306109b": [
          {
            "id": "5a6ef42d-35cd-4521-a2be-192cba439a7b",
            "name": "y",
            "value": "id3",
            "type": "variable",
            "position": "stack-frame-a9821399-78d8-444e-979c-a3cb5306109b"
          }
        ]
      },
      "objects": {
        "7142c972-6275-4ec6-a26b-e4c1be15afd7": [
          {
            "id": "2e8cd5f9-73f7-4cd0-91f3-3db514837194",
            "name": "0",
            "value": "2",
            "type": "variable",
            "position": "heap-object-7142c972-6275-4ec6-a26b-e4c1be15afd7"
          },
          {
            "id": "390d74fc-ef1c-4f55-876f-4755e52cf78b",
            "name": "1",
            "value": "2",
            "type": "variable",
            "position": "heap-object-7142c972-6275-4ec6-a26b-e4c1be15afd7"
          },
          {
            "id": "8f5dc96a-983f-417a-8cb4-2bac381e8478",
            "name": "2",
            "value": "3",
            "type": "variable",
            "position": "heap-object-7142c972-6275-4ec6-a26b-e4c1be15afd7"
          }
        ],
        "22dc709d-5e2f-4141-ae34-5108dc1406e1": []
      },
      "line": "4"
    },
    "9": {
      "globals": [
        {
          "id": "810c523e-5fe1-46ee-bc3f-415b0ef1d814",
          "name": "foo",
          "value": "id1",
          "type": "variable",
          "position": "globals"
        },
        {
          "id": "fb11e5b8-5c45-4da9-879d-3d628599a739",
          "name": "bar",
          "value": "id2",
          "type": "variable",
          "position": "globals"
        },
        {
          "id": "d5ecaa16-0e05-4a9a-9600-907c4c632a19",
          "name": "lst",
          "value": "id3",
          "type": "variable",
          "position": "globals"
        }
      ],
      "stack": [
        {
          "id": "8e150734-79bb-4088-b81b-7806bcbc61fa",
          "name": "foo",
          "type": "frame",
          "position": "stack",
          "items": []
        },
        {
          "id": "a9821399-78d8-444e-979c-a3cb5306109b",
          "name": "bar",
          "type": "frame",
          "position": "stack",
          "items": []
        }
      ],
      "heap": [
        {
          "id": "515fd379-c742-45b0-9f93-ebe6752aba9f",
          "name": "id1",
          "type": "object",
          "position": "heap",
          "items": [],
          "value": "function"
        },
        {
          "id": "22dc709d-5e2f-4141-ae34-5108dc1406e1",
          "name": "id2",
          "type": "object",
          "position": "heap",
          "items": [],
          "value": "function"
        },
        {
          "id": "7142c972-6275-4ec6-a26b-e4c1be15afd7",
          "name": "id3",
          "type": "object",
          "position": "heap",
          "items": [],
          "value": "list"
        }
      ],
      "frames": {
        "8e150734-79bb-4088-b81b-7806bcbc61fa": [
          {
            "id": "8eac32cc-4595-4ca9-8e65-808e60164e36",
            "name": "x",
            "value": "id3",
            "type": "variable",
            "position": "stack-frame-8e150734-79bb-4088-b81b-7806bcbc61fa"
          }
        ],
        "a9821399-78d8-444e-979c-a3cb5306109b": [
          {
            "id": "5a6ef42d-35cd-4521-a2be-192cba439a7b",
            "name": "y",
            "value": "id3",
            "type": "variable",
            "position": "stack-frame-a9821399-78d8-444e-979c-a3cb5306109b"
          }
        ]
      },
      "objects": {
        "7142c972-6275-4ec6-a26b-e4c1be15afd7": [
          {
            "id": "2e8cd5f9-73f7-4cd0-91f3-3db514837194",
            "name": "0",
            "value": "2",
            "type": "variable",
            "position": "heap-object-7142c972-6275-4ec6-a26b-e4c1be15afd7"
          },
          {
            "id": "390d74fc-ef1c-4f55-876f-4755e52cf78b",
            "name": "1",
            "value": "2",
            "type": "variable",
            "position": "heap-object-7142c972-6275-4ec6-a26b-e4c1be15afd7"
          },
          {
            "id": "8f5dc96a-983f-417a-8cb4-2bac381e8478",
            "name": "2",
            "value": "3",
            "type": "variable",
            "position": "heap-object-7142c972-6275-4ec6-a26b-e4c1be15afd7"
          }
        ],
        "22dc709d-5e2f-4141-ae34-5108dc1406e1": []
      },
      "line": "5"
    },
    "10": {
      "globals": [
        {
          "id": "810c523e-5fe1-46ee-bc3f-415b0ef1d814",
          "name": "foo",
          "value": "id1",
          "type": "variable",
          "position": "globals"
        },
        {
          "id": "fb11e5b8-5c45-4da9-879d-3d628599a739",
          "name": "bar",
          "value": "id2",
          "type": "variable",
          "position": "globals"
        },
        {
          "id": "d5ecaa16-0e05-4a9a-9600-907c4c632a19",
          "name": "lst",
          "value": "id3",
          "type": "variable",
          "position": "globals"
        }
      ],
      "stack": [
        {
          "id": "8e150734-79bb-4088-b81b-7806bcbc61fa",
          "name": "foo",
          "type": "frame",
          "position": "stack",
          "items": []
        },
        {
          "id": "a9821399-78d8-444e-979c-a3cb5306109b",
          "name": "bar",
          "type": "frame",
          "position": "stack",
          "items": []
        }
      ],
      "heap": [
        {
          "id": "515fd379-c742-45b0-9f93-ebe6752aba9f",
          "name": "id1",
          "type": "object",
          "position": "heap",
          "items": [],
          "value": "function"
        },
        {
          "id": "22dc709d-5e2f-4141-ae34-5108dc1406e1",
          "name": "id2",
          "type": "object",
          "position": "heap",
          "items": [],
          "value": "function"
        },
        {
          "id": "7142c972-6275-4ec6-a26b-e4c1be15afd7",
          "name": "id3",
          "type": "object",
          "position": "heap",
          "items": [],
          "value": "list"
        }
      ],
      "frames": {
        "8e150734-79bb-4088-b81b-7806bcbc61fa": [
          {
            "id": "8eac32cc-4595-4ca9-8e65-808e60164e36",
            "name": "x",
            "value": "id3",
            "type": "variable",
            "position": "stack-frame-8e150734-79bb-4088-b81b-7806bcbc61fa"
          }
        ],
        "a9821399-78d8-444e-979c-a3cb5306109b": [
          {
            "id": "5a6ef42d-35cd-4521-a2be-192cba439a7b",
            "name": "y",
            "value": "id3",
            "type": "variable",
            "position": "stack-frame-a9821399-78d8-444e-979c-a3cb5306109b"
          }
        ]
      },
      "objects": {
        "7142c972-6275-4ec6-a26b-e4c1be15afd7": [
          {
            "id": "2e8cd5f9-73f7-4cd0-91f3-3db514837194",
            "name": "0",
            "value": "2",
            "type": "variable",
            "position": "heap-object-7142c972-6275-4ec6-a26b-e4c1be15afd7"
          },
          {
            "id": "390d74fc-ef1c-4f55-876f-4755e52cf78b",
            "name": "1",
            "value": "5",
            "type": "variable",
            "position": "heap-object-7142c972-6275-4ec6-a26b-e4c1be15afd7"
          },
          {
            "id": "8f5dc96a-983f-417a-8cb4-2bac381e8478",
            "name": "2",
            "value": "3",
            "type": "variable",
            "position": "heap-object-7142c972-6275-4ec6-a26b-e4c1be15afd7"
          }
        ],
        "22dc709d-5e2f-4141-ae34-5108dc1406e1": []
      },
      "line": "6"
    },
    "11": {
      "globals": [
        {
          "id": "810c523e-5fe1-46ee-bc3f-415b0ef1d814",
          "name": "foo",
          "value": "id1",
          "type": "variable",
          "position": "globals"
        },
        {
          "id": "fb11e5b8-5c45-4da9-879d-3d628599a739",
          "name": "bar",
          "value": "id2",
          "type": "variable",
          "position": "globals"
        },
        {
          "id": "d5ecaa16-0e05-4a9a-9600-907c4c632a19",
          "name": "lst",
          "value": "id3",
          "type": "variable",
          "position": "globals"
        }
      ],
      "stack": [
        {
          "id": "8e150734-79bb-4088-b81b-7806bcbc61fa",
          "name": "foo",
          "type": "frame",
          "position": "stack",
          "items": []
        },
        {
          "id": "a9821399-78d8-444e-979c-a3cb5306109b",
          "name": "bar",
          "type": "frame",
          "position": "stack",
          "items": []
        }
      ],
      "heap": [
        {
          "id": "515fd379-c742-45b0-9f93-ebe6752aba9f",
          "name": "id1",
          "type": "object",
          "position": "heap",
          "items": [],
          "value": "function"
        },
        {
          "id": "22dc709d-5e2f-4141-ae34-5108dc1406e1",
          "name": "id2",
          "type": "object",
          "position": "heap",
          "items": [],
          "value": "function"
        },
        {
          "id": "7142c972-6275-4ec6-a26b-e4c1be15afd7",
          "name": "id3",
          "type": "object",
          "position": "heap",
          "items": [],
          "value": "list"
        }
      ],
      "frames": {
        "8e150734-79bb-4088-b81b-7806bcbc61fa": [
          {
            "id": "8eac32cc-4595-4ca9-8e65-808e60164e36",
            "name": "x",
            "value": "id3",
            "type": "variable",
            "position": "stack-frame-8e150734-79bb-4088-b81b-7806bcbc61fa"
          }
        ],
        "a9821399-78d8-444e-979c-a3cb5306109b": [
          {
            "id": "b66c2037-69cd-4371-a513-d184c11253ea",
            "name": "",
            "value": "3",
            "type": "ret",
            "position": "stack-frame-a9821399-78d8-444e-979c-a3cb5306109b"
          }
        ]
      },
      "objects": {
        "7142c972-6275-4ec6-a26b-e4c1be15afd7": [
          {
            "id": "2e8cd5f9-73f7-4cd0-91f3-3db514837194",
            "name": "0",
            "value": "2",
            "type": "variable",
            "position": "heap-object-7142c972-6275-4ec6-a26b-e4c1be15afd7"
          },
          {
            "id": "390d74fc-ef1c-4f55-876f-4755e52cf78b",
            "name": "1",
            "value": "5",
            "type": "variable",
            "position": "heap-object-7142c972-6275-4ec6-a26b-e4c1be15afd7"
          },
          {
            "id": "8f5dc96a-983f-417a-8cb4-2bac381e8478",
            "name": "2",
            "value": "3",
            "type": "variable",
            "position": "heap-object-7142c972-6275-4ec6-a26b-e4c1be15afd7"
          }
        ],
        "22dc709d-5e2f-4141-ae34-5108dc1406e1": []
      },
      "line": "3"
    },
    "12": {
      "globals": [
        {
          "id": "810c523e-5fe1-46ee-bc3f-415b0ef1d814",
          "name": "foo",
          "value": "id1",
          "type": "variable",
          "position": "globals"
        },
        {
          "id": "fb11e5b8-5c45-4da9-879d-3d628599a739",
          "name": "bar",
          "value": "id2",
          "type": "variable",
          "position": "globals"
        },
        {
          "id": "d5ecaa16-0e05-4a9a-9600-907c4c632a19",
          "name": "lst",
          "value": "id3",
          "type": "variable",
          "position": "globals"
        }
      ],
      "stack": [
        {
          "id": "8e150734-79bb-4088-b81b-7806bcbc61fa",
          "name": "foo",
          "type": "frame",
          "position": "stack",
          "items": []
        }
      ],
      "heap": [
        {
          "id": "515fd379-c742-45b0-9f93-ebe6752aba9f",
          "name": "id1",
          "type": "object",
          "position": "heap",
          "items": [],
          "value": "function"
        },
        {
          "id": "22dc709d-5e2f-4141-ae34-5108dc1406e1",
          "name": "id2",
          "type": "object",
          "position": "heap",
          "items": [],
          "value": "function"
        },
        {
          "id": "7142c972-6275-4ec6-a26b-e4c1be15afd7",
          "name": "id3",
          "type": "object",
          "position": "heap",
          "items": [],
          "value": "list"
        }
      ],
      "frames": {
        "8e150734-79bb-4088-b81b-7806bcbc61fa": [
          {
            "id": "fd3d860f-0785-4312-88b6-942eb5986728",
            "name": "",
            "value": "3",
            "type": "ret",
            "position": "stack-frame-8e150734-79bb-4088-b81b-7806bcbc61fa"
          }
        ]
      },
      "objects": {
        "7142c972-6275-4ec6-a26b-e4c1be15afd7": [
          {
            "id": "2e8cd5f9-73f7-4cd0-91f3-3db514837194",
            "name": "0",
            "value": "2",
            "type": "variable",
            "position": "heap-object-7142c972-6275-4ec6-a26b-e4c1be15afd7"
          },
          {
            "id": "390d74fc-ef1c-4f55-876f-4755e52cf78b",
            "name": "1",
            "value": "5",
            "type": "variable",
            "position": "heap-object-7142c972-6275-4ec6-a26b-e4c1be15afd7"
          },
          {
            "id": "8f5dc96a-983f-417a-8cb4-2bac381e8478",
            "name": "2",
            "value": "3",
            "type": "variable",
            "position": "heap-object-7142c972-6275-4ec6-a26b-e4c1be15afd7"
          }
        ],
        "22dc709d-5e2f-4141-ae34-5108dc1406e1": []
      },
      "line": "8"
    },
    "13": {
      "globals": [
        {
          "id": "810c523e-5fe1-46ee-bc3f-415b0ef1d814",
          "name": "foo",
          "value": "id1",
          "type": "variable",
          "position": "globals"
        },
        {
          "id": "fb11e5b8-5c45-4da9-879d-3d628599a739",
          "name": "bar",
          "value": "id2",
          "type": "variable",
          "position": "globals"
        },
        {
          "id": "d5ecaa16-0e05-4a9a-9600-907c4c632a19",
          "name": "lst",
          "value": "id3",
          "type": "variable",
          "position": "globals"
        },
        {
          "id": "547eb609-5feb-495a-a2fb-1a75361abc83",
          "name": "out",
          "value": "3",
          "type": "variable",
          "position": "globals"
        }
      ],
      "stack": [],
      "heap": [
        {
          "id": "515fd379-c742-45b0-9f93-ebe6752aba9f",
          "name": "id1",
          "type": "object",
          "position": "heap",
          "items": [],
          "value": "function"
        },
        {
          "id": "22dc709d-5e2f-4141-ae34-5108dc1406e1",
          "name": "id2",
          "type": "object",
          "position": "heap",
          "items": [],
          "value": "function"
        },
        {
          "id": "7142c972-6275-4ec6-a26b-e4c1be15afd7",
          "name": "id3",
          "type": "object",
          "position": "heap",
          "items": [],
          "value": "list"
        }
      ],
      "frames": {},
      "objects": {
        "7142c972-6275-4ec6-a26b-e4c1be15afd7": [
          {
            "id": "2e8cd5f9-73f7-4cd0-91f3-3db514837194",
            "name": "0",
            "value": "2",
            "type": "variable",
            "position": "heap-object-7142c972-6275-4ec6-a26b-e4c1be15afd7"
          },
          {
            "id": "390d74fc-ef1c-4f55-876f-4755e52cf78b",
            "name": "1",
            "value": "5",
            "type": "variable",
            "position": "heap-object-7142c972-6275-4ec6-a26b-e4c1be15afd7"
          },
          {
            "id": "8f5dc96a-983f-417a-8cb4-2bac381e8478",
            "name": "2",
            "value": "3",
            "type": "variable",
            "position": "heap-object-7142c972-6275-4ec6-a26b-e4c1be15afd7"
          }
        ],
        "22dc709d-5e2f-4141-ae34-5108dc1406e1": []
      },
      "line": "DONE"
    }
  },
  "code": "def foo(x):\n    x[0] = x[1]\n    return bar(x)\ndef bar(y):\n    y[1] = 5\n    return y[2]\nlst = [1, 2, 3]\nout = foo(lst)"
}