{
  "metadata": {
    "title": "diagram_nested",
    "snapletVersion": 1,
    "totalSteps": 21
  },
  "content": {
    "1": {
      "globals": [],
      "stack": [],
      "heap": [],
      "frames": [],
      "objects": [],
      "line": "1"
    },
    "2": {
      "globals": [
        {
          "id": "d73d31bf-d6f5-4dc6-a6df-3438706dda6e",
          "name": "table",
          "value": "id1",
          "type": "variable",
          "position": "globals"
        }
      ],
      "stack": [],
      "heap": [
        {
          "id": "2bb21ed6-357d-4d48-afd7-522d342130e1",
          "name": "id1",
          "type": "object",
          "position": "heap",
          "items": [],
          "value": "list"
        },
        {
          "id": "2cf138f2-e285-4f58-ae59-563d9297727b",
          "name": "id2",
          "type": "object",
          "position": "heap",
          "items": [],
          "value": "list"
        },
        {
          "id": "f52586e8-0606-42b8-92d4-bcc8dd861a34",
          "name": "id3",
          "type": "object",
          "position": "heap",
          "items": [],
          "value": "list"
        }
      ],
      "frames": [],
      "objects": {
        "2bb21ed6-357d-4d48-afd7-522d342130e1": [
          {
            "id": "3af23f51-384f-470c-8784-917a4ebc5015",
            "name": "0",
            "value": "id2",
            "type": "variable",
            "position": "heap-object-2bb21ed6-357d-4d48-afd7-522d342130e1"
          },
          {
            "id": "43d12378-55f1-4fdc-8c46-cd496344114b",
            "name": "1",
            "value": "id3",
            "type": "variable",
            "position": "heap-object-2bb21ed6-357d-4d48-afd7-522d342130e1"
          }
        ],
        "2cf138f2-e285-4f58-ae59-563d9297727b": [
          {
            "id": "4d31e96e-447d-4bf7-b189-44f4a97ff076",
            "name": "0",
            "value": "2",
            "type": "variable",
            "position": "heap-object-2cf138f2-e285-4f58-ae59-563d9297727b"
          },
          {
            "id": "fd8afdd8-e3f9-411b-9e8e-43a228fc5510",
            "name": "1",
            "value": "3",
            "type": "variable",
            "position": "heap-object-2cf138f2-e285-4f58-ae59-563d9297727b"
          }
        ],
        "f52586e8-0606-42b8-92d4-bcc8dd861a34": [
          {
            "id": "f5e3a637-130a-4955-92ac-b6b546c51bad",
            "name": "0",
            "value": "1",
            "type": "variable",
            "position": "heap-object-f52586e8-0606-42b8-92d4-bcc8dd861a34"
          },
          {
            "id": "10bb3e6e-b1ef-4d59-afb1-85f4bbf3e22e",
            "name": "1",
            "value": "1",
            "type": "variable",
            "position": "heap-object-f52586e8-0606-42b8-92d4-bcc8dd861a34"
          }
        ]
      },
      "line": "2"
    },
    "3": {
      "globals": [
        {
          "id": "d73d31bf-d6f5-4dc6-a6df-3438706dda6e",
          "name": "table",
          "value": "id1",
          "type": "variable",
          "position": "globals"
        },
        {
          "id": "0e6172e6-518e-48b3-bb76-c6fe9f22cae7",
          "name": "row",
          "value": "id2",
          "type": "variable",
          "position": "globals"
        }
      ],
      "stack": [],
      "heap": [
        {
          "id": "2bb21ed6-357d-4d48-afd7-522d342130e1",
          "name": "id1",
          "type": "object",
          "position": "heap",
          "items": [],
          "value": "list"
        },
        {
          "id": "2cf138f2-e285-4f58-ae59-563d9297727b",
          "name": "id2",
          "type": "object",
          "position": "heap",
          "items": [],
          "value": "list"
        },
        {
          "id": "f52586e8-0606-42b8-92d4-bcc8dd861a34",
          "name": "id3",
          "type": "object",
          "position": "heap",
          "items": [],
          "value": "list"
        }
      ],
      "frames": [],
      "objects": {
        "2bb21ed6-357d-4d48-afd7-522d342130e1": [
          {
            "id": "3af23f51-384f-470c-8784-917a4ebc5015",
            "name": "0",
            "value": "id2",
            "type": "variable",
            "position": "heap-object-2bb21ed6-357d-4d48-afd7-522d342130e1"
          },
          {
            "id": "43d12378-55f1-4fdc-8c46-cd496344114b",
            "name": "1",
            "value": "id3",
            "type": "variable",
            "position": "heap-object-2bb21ed6-357d-4d48-afd7-522d342130e1"
          }
        ],
        "2cf138f2-e285-4f58-ae59-563d9297727b": [
          {
            "id": "4d31e96e-447d-4bf7-b189-44f4a97ff076",
            "name": "0",
            "value": "2",
            "type": "variable",
            "position": "heap-object-2cf138f2-e285-4f58-ae59-563d9297727b"
          },
          {
            "id": "fd8afdd8-e3f9-411b-9e8e-43a228fc5510",
            "name": "1",
            "value": "3",
            "type": "variable",
            "position": "heap-object-2cf138f2-e285-4f58-ae59-563d9297727b"
          }
        ],
        "f52586e8-0606-42b8-92d4-bcc8dd861a34": [
          {
            "id": "f5e3a637-130a-4955-92ac-b6b546c51bad",
            "name": "0",
            "value": "1",
            "type": "variable",
            "position": "heap-object-f52586e8-0606-42b8-92d4-bcc8dd861a34"
          },
          {
            "id": "10bb3e6e-b1ef-4d59-afb1-85f4bbf3e22e",
            "name": "1",
            "value": "1",
            "type": "variable",
            "position": "heap-object-f52586e8-0606-42b8-92d4-bcc8dd861a34"
          }
        ]
      },
      "line": "3"
    },
    "4": {
      "globals": [
        {
          "id": "d73d31bf-d6f5-4dc6-a6df-3438706dda6e",
          "name": "table",
          "value": "id1",
          "type": "variable",
          "position": "globals"
        },
        {
          "id": "0e6172e6-518e-48b3-bb76-c6fe9f22cae7",
          "name": "row",
          "value": "id2",
          "type": "variable",
          "position": "globals"
        },
        {
          "id": "bd06b2b8-dfd3-4bb1-b922-85a5f9c32c4d",
          "name": "num",
          "value": "2",
          "type": "variable",
          "position": "globals"
        }
      ],
      "stack": [],
      "heap": [
        {
          "id": "2bb21ed6-357d-4d48-afd7-522d342130e1",
          "name": "id1",
          "type": "object",
          "position": "heap",
          "items": [],
          "value": "list"
        },
        {
          "id": "2cf138f2-e285-4f58-ae59-563d9297727b",
          "name": "id2",
          "type": "object",
          "position": "heap",
          "items": [],
          "value": "list"
        },
        {
          "id": "f52586e8-0606-42b8-92d4-bcc8dd861a34",
          "name": "id3",
          "type": "object",
          "position": "heap",
          "items": [],
          "value": "list"
        }
      ],
      "frames": [],
      "objects": {
        "2bb21ed6-357d-4d48-afd7-522d342130e1": [
          {
            "id": "3af23f51-384f-470c-8784-917a4ebc5015",
            "name": "0",
            "value": "id2",
            "type": "variable",
            "position": "heap-object-2bb21ed6-357d-4d48-afd7-522d342130e1"
          },
          {
            "id": "43d12378-55f1-4fdc-8c46-cd496344114b",
            "name": "1",
            "value": "id3",
            "type": "variable",
            "position": "heap-object-2bb21ed6-357d-4d48-afd7-522d342130e1"
          }
        ],
        "2cf138f2-e285-4f58-ae59-563d9297727b": [
          {
            "id": "4d31e96e-447d-4bf7-b189-44f4a97ff076",
            "name": "0",
            "value": "2",
            "type": "variable",
            "position": "heap-object-2cf138f2-e285-4f58-ae59-563d9297727b"
          },
          {
            "id": "fd8afdd8-e3f9-411b-9e8e-43a228fc5510",
            "name": "1",
            "value": "3",
            "type": "variable",
            "position": "heap-object-2cf138f2-e285-4f58-ae59-563d9297727b"
          }
        ],
        "f52586e8-0606-42b8-92d4-bcc8dd861a34": [
          {
            "id": "f5e3a637-130a-4955-92ac-b6b546c51bad",
            "name": "0",
            "value": "1",
            "type": "variable",
            "position": "heap-object-f52586e8-0606-42b8-92d4-bcc8dd861a34"
          },
          {
            "id": "10bb3e6e-b1ef-4d59-afb1-85f4bbf3e22e",
            "name": "1",
            "value": "1",
            "type": "variable",
            "position": "heap-object-f52586e8-0606-42b8-92d4-bcc8dd861a34"
          }
        ]
      },
      "line": "4"
    },
    "5": {
      "globals": [
        {
          "id": "d73d31bf-d6f5-4dc6-a6df-3438706dda6e",
          "name": "table",
          "value": "id1",
          "type": "variable",
          "position": "globals"
        },
        {
          "id": "0e6172e6-518e-48b3-bb76-c6fe9f22cae7",
          "name": "row",
          "value": "id2",
          "type": "variable",
          "position": "globals"
        },
        {
          "id": "bd06b2b8-dfd3-4bb1-b922-85a5f9c32c4d",
          "name": "num",
          "value": "2",
          "type": "variable",
          "position": "globals"
        }
      ],
      "stack": [],
      "heap": [
        {
          "id": "2bb21ed6-357d-4d48-afd7-522d342130e1",
          "name": "id1",
          "type": "object",
          "position": "heap",
          "items": [],
          "value": "list"
        },
        {
          "id": "2cf138f2-e285-4f58-ae59-563d9297727b",
          "name": "id2",
          "type": "object",
          "position": "heap",
          "items": [],
          "value": "list"
        },
        {
          "id": "f52586e8-0606-42b8-92d4-bcc8dd861a34",
          "name": "id3",
          "type": "object",
          "position": "heap",
          "items": [],
          "value": "list"
        }
      ],
      "frames": [],
      "objects": {
        "2bb21ed6-357d-4d48-afd7-522d342130e1": [
          {
            "id": "3af23f51-384f-470c-8784-917a4ebc5015",
            "name": "0",
            "value": "id2",
            "type": "variable",
            "position": "heap-object-2bb21ed6-357d-4d48-afd7-522d342130e1"
          },
          {
            "id": "43d12378-55f1-4fdc-8c46-cd496344114b",
            "name": "1",
            "value": "id3",
            "type": "variable",
            "position": "heap-object-2bb21ed6-357d-4d48-afd7-522d342130e1"
          }
        ],
        "2cf138f2-e285-4f58-ae59-563d9297727b": [
          {
            "id": "4d31e96e-447d-4bf7-b189-44f4a97ff076",
            "name": "0",
            "value": "4",
            "type": "variable",
            "position": "heap-object-2cf138f2-e285-4f58-ae59-563d9297727b"
          },
          {
            "id": "fd8afdd8-e3f9-411b-9e8e-43a228fc5510",
            "name": "1",
            "value": "3",
            "type": "variable",
            "position": "heap-object-2cf138f2-e285-4f58-ae59-563d9297727b"
          }
        ],
        "f52586e8-0606-42b8-92d4-bcc8dd861a34": [
          {
            "id": "f5e3a637-130a-4955-92ac-b6b546c51bad",
            "name": "0",
            "value": "1",
            "type": "variable",
            "position": "heap-object-f52586e8-0606-42b8-92d4-bcc8dd861a34"
          },
          {
            "id": "10bb3e6e-b1ef-4d59-afb1-85f4bbf3e22e",
            "name": "1",
            "value": "1",
            "type": "variable",
            "position": "heap-object-f52586e8-0606-42b8-92d4-bcc8dd861a34"
          }
        ]
      },
      "line": "3"
    },
    "6": {
      "globals": [
        {
          "id": "d73d31bf-d6f5-4dc6-a6df-3438706dda6e",
          "name": "table",
          "value": "id1",
          "type": "variable",
          "position": "globals"
        },
        {
          "id": "0e6172e6-518e-48b3-bb76-c6fe9f22cae7",
          "name": "row",
          "value": "id2",
          "type": "variable",
          "position": "globals"
        },
        {
          "id": "bd06b2b8-dfd3-4bb1-b922-85a5f9c32c4d",
          "name": "num",
          "value": "3",
          "type": "variable",
          "position": "globals"
        }
      ],
      "stack": [],
      "heap": [
        {
          "id": "2bb21ed6-357d-4d48-afd7-522d342130e1",
          "name": "id1",
          "type": "object",
          "position": "heap",
          "items": [],
          "value": "list"
        },
        {
          "id": "2cf138f2-e285-4f58-ae59-563d9297727b",
          "name": "id2",
          "type": "object",
          "position": "heap",
          "items": [],
          "value": "list"
        },
        {
          "id": "f52586e8-0606-42b8-92d4-bcc8dd861a34",
          "name": "id3",
          "type": "object",
          "position": "heap",
          "items": [],
          "value": "list"
        }
      ],
      "frames": [],
      "objects": {
        "2bb21ed6-357d-4d48-afd7-522d342130e1": [
          {
            "id": "3af23f51-384f-470c-8784-917a4ebc5015",
            "name": "0",
            "value": "id2",
            "type": "variable",
            "position": "heap-object-2bb21ed6-357d-4d48-afd7-522d342130e1"
          },
          {
            "id": "43d12378-55f1-4fdc-8c46-cd496344114b",
            "name": "1",
            "value": "id3",
            "type": "variable",
            "position": "heap-object-2bb21ed6-357d-4d48-afd7-522d342130e1"
          }
        ],
        "2cf138f2-e285-4f58-ae59-563d9297727b": [
          {
            "id": "4d31e96e-447d-4bf7-b189-44f4a97ff076",
            "name": "0",
            "value": "4",
            "type": "variable",
            "position": "heap-object-2cf138f2-e285-4f58-ae59-563d9297727b"
          },
          {
            "id": "fd8afdd8-e3f9-411b-9e8e-43a228fc5510",
            "name": "1",
            "value": "3",
            "type": "variable",
            "position": "heap-object-2cf138f2-e285-4f58-ae59-563d9297727b"
          }
        ],
        "f52586e8-0606-42b8-92d4-bcc8dd861a34": [
          {
            "id": "f5e3a637-130a-4955-92ac-b6b546c51bad",
            "name": "0",
            "value": "1",
            "type": "variable",
            "position": "heap-object-f52586e8-0606-42b8-92d4-bcc8dd861a34"
          },
          {
            "id": "10bb3e6e-b1ef-4d59-afb1-85f4bbf3e22e",
            "name": "1",
            "value": "1",
            "type": "variable",
            "position": "heap-object-f52586e8-0606-42b8-92d4-bcc8dd861a34"
          }
        ]
      },
      "line": "4"
    },
    "7": {
      "globals": [
        {
          "id": "d73d31bf-d6f5-4dc6-a6df-3438706dda6e",
          "name": "table",
          "value": "id1",
          "type": "variable",
          "position": "globals"
        },
        {
          "id": "0e6172e6-518e-48b3-bb76-c6fe9f22cae7",
          "name": "row",
          "value": "id2",
          "type": "variable",
          "position": "globals"
        },
        {
          "id": "bd06b2b8-dfd3-4bb1-b922-85a5f9c32c4d",
          "name": "num",
          "value": "3",
          "type": "variable",
          "position": "globals"
        }
      ],
      "stack": [],
      "heap": [
        {
          "id": "2bb21ed6-357d-4d48-afd7-522d342130e1",
          "name": "id1",
          "type": "object",
          "position": "heap",
          "items": [],
          "value": "list"
        },
        {
          "id": "2cf138f2-e285-4f58-ae59-563d9297727b",
          "name": "id2",
          "type": "object",
          "position": "heap",
          "items": [],
          "value": "list"
        },
        {
          "id": "f52586e8-0606-42b8-92d4-bcc8dd861a34",
          "name": "id3",
          "type": "object",
          "position": "heap",
          "items": [],
          "value": "list"
        }
      ],
      "frames": [],
      "objects": {
        "2bb21ed6-357d-4d48-afd7-522d342130e1": [
          {
            "id": "3af23f51-384f-470c-8784-917a4ebc5015",
            "name": "0",
            "value": "id2",
            "type": "variable",
            "position": "heap-object-2bb21ed6-357d-4d48-afd7-522d342130e1"
          },
          {
            "id": "43d12378-55f1-4fdc-8c46-cd496344114b",
            "name": "1",
            "value": "id3",
            "type": "variable",
            "position": "heap-object-2bb21ed6-357d-4d48-afd7-522d342130e1"
          }
        ],
        "2cf138f2-e285-4f58-ae59-563d9297727b": [
          {
            "id": "4d31e96e-447d-4bf7-b189-44f4a97ff076",
            "name": "0",
            "value": "7",
            "type": "variable",
            "position": "heap-object-2cf138f2-e285-4f58-ae59-563d9297727b"
          },
          {
            "id": "fd8afdd8-e3f9-411b-9e8e-43a228fc5510",
            "name": "1",
            "value": "3",
            "type": "variable",
            "position": "heap-object-2cf138f2-e285-4f58-ae59-563d9297727b"
          }
        ],
        "f52586e8-0606-42b8-92d4-bcc8dd861a34": [
          {
            "id": "f5e3a637-130a-4955-92ac-b6b546c51bad",
            "name": "0",
            "value": "1",
            "type": "variable",
            "position": "heap-object-f52586e8-0606-42b8-92d4-bcc8dd861a34"
          },
          {
            "id": "10bb3e6e-b1ef-4d59-afb1-85f4bbf3e22e",
            "name": "1",
            "value": "1",
            "type": "variable",
            "position": "heap-object-f52586e8-0606-42b8-92d4-bcc8dd861a34"
          }
        ]
      },
      "line": "3"
    },
    "8": {
      "globals": [
        {
          "id": "d73d31bf-d6f5-4dc6-a6df-3438706dda6e",
          "name": "table",
          "value": "id1",
          "type": "variable",
          "position": "globals"
        },
        {
          "id": "0e6172e6-518e-48b3-bb76-c6fe9f22cae7",
          "name": "row",
          "value": "id2",
          "type": "variable",
          "position": "globals"
        },
        {
          "id": "bd06b2b8-dfd3-4bb1-b922-85a5f9c32c4d",
          "name": "num",
          "value": "3",
          "type": "variable",
          "position": "globals"
        }
      ],
      "stack": [],
      "heap": [
        {
          "id": "2bb21ed6-357d-4d48-afd7-522d342130e1",
          "name": "id1",
          "type": "object",
          "position": "heap",
          "items": [],
          "value": "list"
        },
        {
          "id": "2cf138f2-e285-4f58-ae59-563d9297727b",
          "name": "id2",
          "type": "object",
          "position": "heap",
          "items": [],
          "value": "list"
        },
        {
          "id": "f52586e8-0606-42b8-92d4-bcc8dd861a34",
          "name": "id3",
          "type": "object",
          "position": "heap",
          "items": [],
          "value": "list"
        }
      ],
      "frames": [],
      "objects": {
        "2bb21ed6-357d-4d48-afd7-522d342130e1": [
          {
            "id": "3af23f51-384f-470c-8784-917a4ebc5015",
            "name": "0",
            "value": "id2",
            "type": "variable",
            "position": "heap-object-2bb21ed6-357d-4d48-afd7-522d342130e1"
          },
          {
            "id": "43d12378-55f1-4fdc-8c46-cd496344114b",
            "name": "1",
            "value": "id3",
            "type": "variable",
            "position": "heap-object-2bb21ed6-357d-4d48-afd7-522d342130e1"
          }
        ],
        "2cf138f2-e285-4f58-ae59-563d9297727b": [
          {
            "id": "4d31e96e-447d-4bf7-b189-44f4a97ff076",
            "name": "0",
            "value": "7",
            "type": "variable",
            "position": "heap-object-2cf138f2-e285-4f58-ae59-563d9297727b"
          },
          {
            "id": "fd8afdd8-e3f9-411b-9e8e-43a228fc5510",
            "name": "1",
            "value": "3",
            "type": "variable",
            "position": "heap-object-2cf138f2-e285-4f58-ae59-563d9297727b"
          }
        ],
        "f52586e8-0606-42b8-92d4-bcc8dd861a34": [
          {
            "id": "f5e3a637-130a-4955-92ac-b6b546c51bad",
            "name": "0",
            "value": "1",
            "type": "variable",
            "position": "heap-object-f52586e8-0606-42b8-92d4-bcc8dd861a34"
          },
          {
            "id": "10bb3e6e-b1ef-4d59-afb1-85f4bbf3e22e",
            "name": "1",
            "value": "1",
            "type": "variable",
            "position": "heap-object-f52586e8-0606-42b8-92d4-bcc8dd861a34"
          }
        ]
      },
      "line": "5"
    },
    "9": {
      "globals": [
        {
          "id": "d73d31bf-d6f5-4dc6-a6df-3438706dda6e",
          "name": "table",
          "value": "id1",
          "type": "variable",
          "position": "globals"
        },
        {
          "id": "0e6172e6-518e-48b3-bb76-c6fe9f22cae7",
          "name": "row",
          "value": "id2",
          "type": "variable",
          "position": "globals"
        },
        {
          "id": "bd06b2b8-dfd3-4bb1-b922-85a5f9c32c4d",
          "name": "num",
          "value": "3",
          "type": "variable",
          "position": "globals"
        }
      ],
      "stack": [],
      "heap": [
        {
          "id": "2bb21ed6-357d-4d48-afd7-522d342130e1",
          "name": "id1",
          "type": "object",
          "position": "heap",
          "items": [],
          "value": "list"
        },
        {
          "id": "2cf138f2-e285-4f58-ae59-563d9297727b",
          "name": "id2",
          "type": "object",
          "position": "heap",
          "items": [],
          "value": "list"
        },
        {
          "id": "f52586e8-0606-42b8-92d4-bcc8dd861a34",
          "name": "id3",
          "type": "object",
          "position": "heap",
          "items": [],
          "value": "list"
        }
      ],
      "frames": [],
      "objects": {
        "2bb21ed6-357d-4d48-afd7-522d342130e1": [
          {
            "id": "3af23f51-384f-470c-8784-917a4ebc5015",
            "name": "0",
            "value": "id2",
            "type": "variable",
            "position": "heap-object-2bb21ed6-357d-4d48-afd7-522d342130e1"
          },
          {
            "id": "43d12378-55f1-4fdc-8c46-cd496344114b",
            "name": "1",
            "value": "id3",
            "type": "variable",
            "position": "heap-object-2bb21ed6-357d-4d48-afd7-522d342130e1"
          }
        ],
        "2cf138f2-e285-4f58-ae59-563d9297727b": [
          {
            "id": "4d31e96e-447d-4bf7-b189-44f4a97ff076",
            "name": "0",
            "value": "7",
            "type": "variable",
            "position": "heap-object-2cf138f2-e285-4f58-ae59-563d9297727b"
          },
          {
            "id": "fd8afdd8-e3f9-411b-9e8e-43a228fc5510",
            "name": "1",
            "value": "3",
            "type": "variable",
            "position": "heap-object-2cf138f2-e285-4f58-ae59-563d9297727b"
          }
        ],
        "f52586e8-0606-42b8-92d4-bcc8dd861a34": [
          {
            "id": "f5e3a637-130a-4955-92ac-b6b546c51bad",
            "name": "0",
            "value": "1",
            "type": "variable",
            "position": "heap-object-f52586e8-0606-42b8-92d4-bcc8dd861a34"
          },
          {
            "id": "10bb3e6e-b1ef-4d59-afb1-85f4bbf3e22e",
            "name": "1",
            "value": "2",
            "type": "variable",
            "position": "heap-object-f52586e8-0606-42b8-92d4-bcc8dd861a34"
          }
        ]
      },
      "line": "2"
    },
    "10": {
      "globals": [
        {
          "id": "d73d31bf-d6f5-4dc6-a6df-3438706dda6e",
          "name": "table",
          "value": "id1",
          "type": "variable",
          "position": "globals"
        },
        {
          "id": "0e6172e6-518e-48b3-bb76-c6fe9f22cae7",
          "name": "row",
          "value": "id3",
          "type": "variable",
          "position": "globals"
        },
        {
          "id": "bd06b2b8-dfd3-4bb1-b922-85a5f9c32c4d",
          "name": "num",
          "value": "3",
          "type": "variable",
          "position": "globals"
        }
      ],
      "stack": [],
      "heap": [
        {
          "id": "2bb21ed6-357d-4d48-afd7-522d342130e1",
          "name": "id1",
          "type": "object",
          "position": "heap",
          "items": [],
          "value": "list"
        },
        {
          "id": "2cf138f2-e285-4f58-ae59-563d9297727b",
          "name": "id2",
          "type": "object",
          "position": "heap",
          "items": [],
          "value": "list"
        },
        {
          "id": "f52586e8-0606-42b8-92d4-bcc8dd861a34",
          "name": "id3",
          "type": "object",
          "position": "heap",
          "items": [],
          "value": "list"
        }
      ],
      "frames": [],
      "objects": {
        "2bb21ed6-357d-4d48-afd7-522d342130e1": [
          {
            "id": "3af23f51-384f-470c-8784-917a4ebc5015",
            "name": "0",
            "value": "id2",
            "type": "variable",
            "position": "heap-object-2bb21ed6-357d-4d48-afd7-522d342130e1"
          },
          {
            "id": "43d12378-55f1-4fdc-8c46-cd496344114b",
            "name": "1",
            "value": "id3",
            "type": "variable",
            "position": "heap-object-2bb21ed6-357d-4d48-afd7-522d342130e1"
          }
        ],
        "2cf138f2-e285-4f58-ae59-563d9297727b": [
          {
            "id": "4d31e96e-447d-4bf7-b189-44f4a97ff076",
            "name": "0",
            "value": "7",
            "type": "variable",
            "position": "heap-object-2cf138f2-e285-4f58-ae59-563d9297727b"
          },
          {
            "id": "fd8afdd8-e3f9-411b-9e8e-43a228fc5510",
            "name": "1",
            "value": "3",
            "type": "variable",
            "position": "heap-object-2cf138f2-e285-4f58-ae59-563d9297727b"
          }
        ],
        "f52586e8-0606-42b8-92d4-bcc8dd861a34": [
          {
            "id": "f5e3a637-130a-4955-92ac-b6b546c51bad",
            "name": "0",
            "value": "1",
            "type": "variable",
            "position": "heap-object-f52586e8-0606-42b8-92d4-bcc8dd861a34"
          },
          {
            "id": "10bb3e6e-b1ef-4d59-afb1-85f4bbf3e22e",
            "name": "1",
            "value": "2",
            "type": "variable",
            "position": "heap-object-f52586e8-0606-42b8-92d4-bcc8dd861a34"
          }
        ]
      },
      "line": "3"
    },
    "11": {
      "globals": [
        {
          "id": "d73d31bf-d6f5-4dc6-a6df-3438706dda6e",
          "name": "table",
          "value": "id1",
          "type": "variable",
          "position": "globals"
        },
        {
          "id": "0e6172e6-518e-48b3-bb76-c6fe9f22cae7",
          "name": "row",
          "value": "id3",
          "type": "variable",
          "position": "globals"
        },
        {
          "id": "bd06b2b8-dfd3-4bb1-b922-85a5f9c32c4d",
          "name": "num",
          "value": "1",
          "type": "variable",
          "position": "globals"
        }
      ],
      "stack": [],
      "heap": [
        {
          "id": "2bb21ed6-357d-4d48-afd7-522d342130e1",
          "name": "id1",
          "type": "object",
          "position": "heap",
          "items": [],
          "value": "list"
        },
        {
          "id": "2cf138f2-e285-4f58-ae59-563d9297727b",
          "name": "id2",
          "type": "object",
          "position": "heap",
          "items": [],
          "value": "list"
        },
        {
          "id": "f52586e8-0606-42b8-92d4-bcc8dd861a34",
          "name": "id3",
          "type": "object",
          "position": "heap",
          "items": [],
          "value": "list"
        }
      ],
      "frames": [],
      "objects": {
        "2bb21ed6-357d-4d48-afd7-522d342130e1": [
          {
            "id": "3af23f51-384f-470c-8784-917a4ebc5015",
            "name": "0",
            "value": "id2",
            "type": "variable",
            "position": "heap-object-2bb21ed6-357d-4d48-afd7-522d342130e1"
          },
          {
            "id": "43d12378-55f1-4fdc-8c46-cd496344114b",
            "name": "1",
            "value": "id3",
            "type": "variable",
            "position": "heap-object-2bb21ed6-357d-4d48-afd7-522d342130e1"
          }
        ],
        "2cf138f2-e285-4f58-ae59-563d9297727b": [
          {
            "id": "4d31e96e-447d-4bf7-b189-44f4a97ff076",
            "name": "0",
            "value": "7",
            "type": "variable",
            "position": "heap-object-2cf138f2-e285-4f58-ae59-563d9297727b"
          },
          {
            "id": "fd8afdd8-e3f9-411b-9e8e-43a228fc5510",
            "name": "1",
            "value": "3",
            "type": "variable",
            "position": "heap-object-2cf138f2-e285-4f58-ae59-563d9297727b"
          }
        ],
        "f52586e8-0606-42b8-92d4-bcc8dd861a34": [
          {
            "id": "f5e3a637-130a-4955-92ac-b6b546c51bad",
            "name": "0",
            "value": "1",
            "type": "variable",
            "position": "heap-object-f52586e8-0606-42b8-92d4-bcc8dd861a34"
          },
          {
            "id": "10bb3e6e-b1ef-4d59-afb1-85f4bbf3e22e",
            "name": "1",
            "value": "2",
            "type": "variable",
            "position": "heap-object-f52586e8-0606-42b8-92d4-bcc8dd861a34"
          }
        ]
      },
      "line": "4"
    },
    "12": {
      "globals": [
        {
          "id": "d73d31bf-d6f5-4dc6-a6df-3438706dda6e",
          "name": "table",
          "value": "id1",
          "type": "variable",
          "position": "globals"
        },
        {
          "id": "0e6172e6-518e-48b3-bb76-c6fe9f22cae7",
          "name": "row",
          "value": "id3",
          "type": "variable",
          "position": "globals"
        },
        {
          "id": "bd06b2b8-dfd3-4bb1-b922-85a5f9c32c4d",
          "name": "num",
          "value": "1",
          "type": "variable",
          "position": "globals"
        }
      ],
      "stack": [],
      "heap": [
        {
          "id": "2bb21ed6-357d-4d48-afd7-522d342130e1",
          "name": "id1",
          "type": "object",
          "position": "heap",
          "items": [],
          "value": "list"
        },
        {
          "id": "2cf138f2-e285-4f58-ae59-563d9297727b",
          "name": "id2",
          "type": "object",
          "position": "heap",
          "items": [],
          "value": "list"
        },
        {
          "id": "f52586e8-0606-42b8-92d4-bcc8dd861a34",
          "name": "id3",
          "type": "object",
          "position": "heap",
          "items": [],
          "value": "list"
        }
      ],
      "frames": [],
      "objects": {
        "2bb21ed6-357d-4d48-afd7-522d342130e1": [
          {
            "id": "3af23f51-384f-470c-8784-917a4ebc5015",
            "name": "0",
            "value": "id2",
            "type": "variable",
            "position": "heap-object-2bb21ed6-357d-4d48-afd7-522d342130e1"
          },
          {
            "id": "43d12378-55f1-4fdc-8c46-cd496344114b",
            "name": "1",
            "value": "id3",
            "type": "variable",
            "position": "heap-object-2bb21ed6-357d-4d48-afd7-522d342130e1"
          }
        ],
        "2cf138f2-e285-4f58-ae59-563d9297727b": [
          {
            "id": "4d31e96e-447d-4bf7-b189-44f4a97ff076",
            "name": "0",
            "value": "8",
            "type": "variable",
            "position": "heap-object-2cf138f2-e285-4f58-ae59-563d9297727b"
          },
          {
            "id": "fd8afdd8-e3f9-411b-9e8e-43a228fc5510",
            "name": "1",
            "value": "3",
            "type": "variable",
            "position": "heap-object-2cf138f2-e285-4f58-ae59-563d9297727b"
          }
        ],
        "f52586e8-0606-42b8-92d4-bcc8dd861a34": [
          {
            "id": "f5e3a637-130a-4955-92ac-b6b546c51bad",
            "name": "0",
            "value": "1",
            "type": "variable",
            "position": "heap-object-f52586e8-0606-42b8-92d4-bcc8dd861a34"
          },
          {
            "id": "10bb3e6e-b1ef-4d59-afb1-85f4bbf3e22e",
            "name": "1",
            "value": "2",
            "type": "variable",
            "position": "heap-object-f52586e8-0606-42b8-92d4-bcc8dd861a34"
          }
        ]
      },
      "line": "3"
    },
    "13": {
      "globals": [
        {
          "id": "d73d31bf-d6f5-4dc6-a6df-3438706dda6e",
          "name": "table",
          "value": "id1",
          "type": "variable",
          "position": "globals"
        },
        {
          "id": "0e6172e6-518e-48b3-bb76-c6fe9f22cae7",
          "name": "row",
          "value": "id3",
          "type": "variable",
          "position": "globals"
        },
        {
          "id": "bd06b2b8-dfd3-4bb1-b922-85a5f9c32c4d",
          "name": "num",
          "value": "2",
          "type": "variable",
          "position": "globals"
        }
      ],
      "stack": [],
      "heap": [
        {
          "id": "2bb21ed6-357d-4d48-afd7-522d342130e1",
          "name": "id1",
          "type": "object",
          "position": "heap",
          "items": [],
          "value": "list"
        },
        {
          "id": "2cf138f2-e285-4f58-ae59-563d9297727b",
          "name": "id2",
          "type": "object",
          "position": "heap",
          "items": [],
          "value": "list"
        },
        {
          "id": "f52586e8-0606-42b8-92d4-bcc8dd861a34",
          "name": "id3",
          "type": "object",
          "position": "heap",
          "items": [],
          "value": "list"
        }
      ],
      "frames": [],
      "objects": {
        "2bb21ed6-357d-4d48-afd7-522d342130e1": [
          {
            "id": "3af23f51-384f-470c-8784-917a4ebc5015",
            "name": "0",
            "value": "id2",
            "type": "variable",
            "position": "heap-object-2bb21ed6-357d-4d48-afd7-522d342130e1"
          },
          {
            "id": "43d12378-55f1-4fdc-8c46-cd496344114b",
            "name": "1",
            "value": "id3",
            "type": "variable",
            "position": "heap-object-2bb21ed6-357d-4d48-afd7-522d342130e1"
          }
        ],
        "2cf138f2-e285-4f58-ae59-563d9297727b": [
          {
            "id": "4d31e96e-447d-4bf7-b189-44f4a97ff076",
            "name": "0",
            "value": "8",
            "type": "variable",
            "position": "heap-object-2cf138f2-e285-4f58-ae59-563d9297727b"
          },
          {
            "id": "fd8afdd8-e3f9-411b-9e8e-43a228fc5510",
            "name": "1",
            "value": "3",
            "type": "variable",
            "position": "heap-object-2cf138f2-e285-4f58-ae59-563d9297727b"
          }
        ],
        "f52586e8-0606-42b8-92d4-bcc8dd861a34": [
          {
            "id": "f5e3a637-130a-4955-92ac-b6b546c51bad",
            "name": "0",
            "value": "1",
            "type": "variable",
            "position": "heap-object-f52586e8-0606-42b8-92d4-bcc8dd861a34"
          },
          {
            "id": "10bb3e6e-b1ef-4d59-afb1-85f4bbf3e22e",
            "name": "1",
            "value": "2",
            "type": "variable",
            "position": "heap-object-f52586e8-0606-42b8-92d4-bcc8dd861a34"
          }
        ]
      },
      "line": "4"
    },
    "14": {
      "globals": [
        {
          "id": "d73d31bf-d6f5-4dc6-a6df-3438706dda6e",
          "name": "table",
          "value": "id1",
          "type": "variable",
          "position": "globals"
        },
        {
          "id": "0e6172e6-518e-48b3-bb76-c6fe9f22cae7",
          "name": "row",
          "value": "id3",
          "type": "variable",
          "position": "globals"
        },
        {
          "id": "bd06b2b8-dfd3-4bb1-b922-85a5f9c32c4d",
          "name": "num",
          "value": "2",
          "type": "variable",
          "position": "globals"
        }
      ],
      "stack": [],
      "heap": [
        {
          "id": "2bb21ed6-357d-4d48-afd7-522d342130e1",
          "name": "id1",
          "type": "object",
          "position": "heap",
          "items": [],
          "value": "list"
        },
        {
          "id": "2cf138f2-e285-4f58-ae59-563d9297727b",
          "name": "id2",
          "type": "object",
          "position": "heap",
          "items": [],
          "value": "list"
        },
        {
          "id": "f52586e8-0606-42b8-92d4-bcc8dd861a34",
          "name": "id3",
          "type": "object",
          "position": "heap",
          "items": [],
          "value": "list"
        }
      ],
      "frames": [],
      "objects": {
        "2bb21ed6-357d-4d48-afd7-522d342130e1": [
          {
            "id": "3af23f51-384f-470c-8784-917a4ebc5015",
            "name": "0",
            "value": "id2",
            "type": "variable",
            "position": "heap-object-2bb21ed6-357d-4d48-afd7-522d342130e1"
          },
          {
            "id": "43d12378-55f1-4fdc-8c46-cd496344114b",
            "name": "1",
            "value": "id3",
            "type": "variable",
            "position": "heap-object-2bb21ed6-357d-4d48-afd7-522d342130e1"
          }
        ],
        "2cf138f2-e285-4f58-ae59-563d9297727b": [
          {
            "id": "4d31e96e-447d-4bf7-b189-44f4a97ff076",
            "name": "0",
            "value": "10",
            "type": "variable",
            "position": "heap-object-2cf138f2-e285-4f58-ae59-563d9297727b"
          },
          {
            "id": "fd8afdd8-e3f9-411b-9e8e-43a228fc5510",
            "name": "1",
            "value": "3",
            "type": "variable",
            "position": "heap-object-2cf138f2-e285-4f58-ae59-563d9297727b"
          }
        ],
        "f52586e8-0606-42b8-92d4-bcc8dd861a34": [
          {
            "id": "f5e3a637-130a-4955-92ac-b6b546c51bad",
            "name": "0",
            "value": "1",
            "type": "variable",
            "position": "heap-object-f52586e8-0606-42b8-92d4-bcc8dd861a34"
          },
          {
            "id": "10bb3e6e-b1ef-4d59-afb1-85f4bbf3e22e",
            "name": "1",
            "value": "2",
            "type": "variable",
            "position": "heap-object-f52586e8-0606-42b8-92d4-bcc8dd861a34"
          }
        ]
      },
      "line": "3"
    },
    "15": {
      "globals": [
        {
          "id": "d73d31bf-d6f5-4dc6-a6df-3438706dda6e",
          "name": "table",
          "value": "id1",
          "type": "variable",
          "position": "globals"
        },
        {
          "id": "0e6172e6-518e-48b3-bb76-c6fe9f22cae7",
          "name": "row",
          "value": "id3",
          "type": "variable",
          "position": "globals"
        },
        {
          "id": "bd06b2b8-dfd3-4bb1-b922-85a5f9c32c4d",
          "name": "num",
          "value": "2",
          "type": "variable",
          "position": "globals"
        }
      ],
      "stack": [],
      "heap": [
        {
          "id": "2bb21ed6-357d-4d48-afd7-522d342130e1",
          "name": "id1",
          "type": "object",
          "position": "heap",
          "items": [],
          "value": "list"
        },
        {
          "id": "2cf138f2-e285-4f58-ae59-563d9297727b",
          "name": "id2",
          "type": "object",
          "position": "heap",
          "items": [],
          "value": "list"
        },
        {
          "id": "f52586e8-0606-42b8-92d4-bcc8dd861a34",
          "name": "id3",
          "type": "object",
          "position": "heap",
          "items": [],
          "value": "list"
        }
      ],
      "frames": [],
      "objects": {
        "2bb21ed6-357d-4d48-afd7-522d342130e1": [
          {
            "id": "3af23f51-384f-470c-8784-917a4ebc5015",
            "name": "0",
            "value": "id2",
            "type": "variable",
            "position": "heap-object-2bb21ed6-357d-4d48-afd7-522d342130e1"
          },
          {
            "id": "43d12378-55f1-4fdc-8c46-cd496344114b",
            "name": "1",
            "value": "id3",
            "type": "variable",
            "position": "heap-object-2bb21ed6-357d-4d48-afd7-522d342130e1"
          }
        ],
        "2cf138f2-e285-4f58-ae59-563d9297727b": [
          {
            "id": "4d31e96e-447d-4bf7-b189-44f4a97ff076",
            "name": "0",
            "value": "10",
            "type": "variable",
            "position": "heap-object-2cf138f2-e285-4f58-ae59-563d9297727b"
          },
          {
            "id": "fd8afdd8-e3f9-411b-9e8e-43a228fc5510",
            "name": "1",
            "value": "3",
            "type": "variable",
            "position": "heap-object-2cf138f2-e285-4f58-ae59-563d9297727b"
          }
        ],
        "f52586e8-0606-42b8-92d4-bcc8dd861a34": [
          {
            "id": "f5e3a637-130a-4955-92ac-b6b546c51bad",
            "name": "0",
            "value": "1",
            "type": "variable",
            "position": "heap-object-f52586e8-0606-42b8-92d4-bcc8dd861a34"
          },
          {
            "id": "10bb3e6e-b1ef-4d59-afb1-85f4bbf3e22e",
            "name": "1",
            "value": "2",
            "type": "variable",
            "position": "heap-object-f52586e8-0606-42b8-92d4-bcc8dd861a34"
          }
        ]
      },
      "line": "5"
    },
    "16": {
      "globals": [
        {
          "id": "d73d31bf-d6f5-4dc6-a6df-3438706dda6e",
          "name": "table",
          "value": "id1",
          "type": "variable",
          "position": "globals"
        },
        {
          "id": "0e6172e6-518e-48b3-bb76-c6fe9f22cae7",
          "name": "row",
          "value": "id3",
          "type": "variable",
          "position": "globals"
        },
        {
          "id": "bd06b2b8-dfd3-4bb1-b922-85a5f9c32c4d",
          "name": "num",
          "value": "2",
          "type": "variable",
          "position": "globals"
        }
      ],
      "stack": [],
      "heap": [
        {
          "id": "2bb21ed6-357d-4d48-afd7-522d342130e1",
          "name": "id1",
          "type": "object",
          "position": "heap",
          "items": [],
          "value": "list"
        },
        {
          "id": "2cf138f2-e285-4f58-ae59-563d9297727b",
          "name": "id2",
          "type": "object",
          "position": "heap",
          "items": [],
          "value": "list"
        },
        {
          "id": "f52586e8-0606-42b8-92d4-bcc8dd861a34",
          "name": "id3",
          "type": "object",
          "position": "heap",
          "items": [],
          "value": "list"
        }
      ],
      "frames": [],
      "objects": {
        "2bb21ed6-357d-4d48-afd7-522d342130e1": [
          {
            "id": "3af23f51-384f-470c-8784-917a4ebc5015",
            "name": "0",
            "value": "id2",
            "type": "variable",
            "position": "heap-object-2bb21ed6-357d-4d48-afd7-522d342130e1"
          },
          {
            "id": "43d12378-55f1-4fdc-8c46-cd496344114b",
            "name": "1",
            "value": "id3",
            "type": "variable",
            "position": "heap-object-2bb21ed6-357d-4d48-afd7-522d342130e1"
          }
        ],
        "2cf138f2-e285-4f58-ae59-563d9297727b": [
          {
            "id": "4d31e96e-447d-4bf7-b189-44f4a97ff076",
            "name": "0",
            "value": "10",
            "type": "variable",
            "position": "heap-object-2cf138f2-e285-4f58-ae59-563d9297727b"
          },
          {
            "id": "fd8afdd8-e3f9-411b-9e8e-43a228fc5510",
            "name": "1",
            "value": "3",
            "type": "variable",
            "position": "heap-object-2cf138f2-e285-4f58-ae59-563d9297727b"
          }
        ],
        "f52586e8-0606-42b8-92d4-bcc8dd861a34": [
          {
            "id": "f5e3a637-130a-4955-92ac-b6b546c51bad",
            "name": "0",
            "value": "1",
            "type": "variable",
            "position": "heap-object-f52586e8-0606-42b8-92d4-bcc8dd861a34"
          },
          {
            "id": "10bb3e6e-b1ef-4d59-afb1-85f4bbf3e22e",
            "name": "1",
            "value": "3",
            "type": "variable",
            "position": "heap-object-f52586e8-0606-42b8-92d4-bcc8dd861a34"
          }
        ]
      },
      "line": "2"
    },
    "17": {
      "globals": [
        {
          "id": "d73d31bf-d6f5-4dc6-a6df-3438706dda6e",
          "name": "table",
          "value": "id1",
          "type": "variable",
          "position": "globals"
        },
        {
          "id": "0e6172e6-518e-48b3-bb76-c6fe9f22cae7",
          "name": "row",
          "value": "id3",
          "type": "variable",
          "position": "globals"
        },
        {
          "id": "bd06b2b8-dfd3-4bb1-b922-85a5f9c32c4d",
          "name": "num",
          "value": "2",
          "type": "variable",
          "position": "globals"
        }
      ],
      "stack": [],
      "heap": [
        {
          "id": "2bb21ed6-357d-4d48-afd7-522d342130e1",
          "name": "id1",
          "type": "object",
          "position": "heap",
          "items": [],
          "value": "list"
        },
        {
          "id": "2cf138f2-e285-4f58-ae59-563d9297727b",
          "name": "id2",
          "type": "object",
          "position": "heap",
          "items": [],
          "value": "list"
        },
        {
          "id": "f52586e8-0606-42b8-92d4-bcc8dd861a34",
          "name": "id3",
          "type": "object",
          "position": "heap",
          "items": [],
          "value": "list"
        }
      ],
      "frames": [],
      "objects": {
        "2bb21ed6-357d-4d48-afd7-522d342130e1": [
          {
            "id": "3af23f51-384f-470c-8784-917a4ebc5015",
            "name": "0",
            "value": "id2",
            "type": "variable",
            "position": "heap-object-2bb21ed6-357d-4d48-afd7-522d342130e1"
          },
          {
            "id": "43d12378-55f1-4fdc-8c46-cd496344114b",
            "name": "1",
            "value": "id3",
            "type": "variable",
            "position": "heap-object-2bb21ed6-357d-4d48-afd7-522d342130e1"
          }
        ],
        "2cf138f2-e285-4f58-ae59-563d9297727b": [
          {
            "id": "4d31e96e-447d-4bf7-b189-44f4a97ff076",
            "name": "0",
            "value": "10",
            "type": "variable",
            "position": "heap-object-2cf138f2-e285-4f58-ae59-563d9297727b"
          },
          {
            "id": "fd8afdd8-e3f9-411b-9e8e-43a228fc5510",
            "name": "1",
            "value": "3",
            "type": "variable",
            "position": "heap-object-2cf138f2-e285-4f58-ae59-563d9297727b"
          }
        ],
        "f52586e8-0606-42b8-92d4-bcc8dd861a34": [
          {
            "id": "f5e3a637-130a-4955-92ac-b6b546c51bad",
            "name": "0",
            "value": "1",
            "type": "variable",
            "position": "heap-object-f52586e8-0606-42b8-92d4-bcc8dd861a34"
          },
          {
            "id": "10bb3e6e-b1ef-4d59-afb1-85f4bbf3e22e",
            "name": "1",
            "value": "3",
            "type": "variable",
            "position": "heap-object-f52586e8-0606-42b8-92d4-bcc8dd861a34"
          }
        ]
      },
      "line": "6"
    },
    "18": {
      "globals": [
        {
          "id": "d73d31bf-d6f5-4dc6-a6df-3438706dda6e",
          "name": "table",
          "value": "id1",
          "type": "variable",
          "position": "globals"
        },
        {
          "id": "0e6172e6-518e-48b3-bb76-c6fe9f22cae7",
          "name": "row",
          "value": "id3",
          "type": "variable",
          "position": "globals"
        },
        {
          "id": "bd06b2b8-dfd3-4bb1-b922-85a5f9c32c4d",
          "name": "num",
          "value": "2",
          "type": "variable",
          "position": "globals"
        },
        {
          "id": "60cb5544-299f-42b3-84f1-6974b6620185",
          "name": "new_row",
          "value": "id4",
          "type": "variable",
          "position": "globals"
        }
      ],
      "stack": [],
      "heap": [
        {
          "id": "2bb21ed6-357d-4d48-afd7-522d342130e1",
          "name": "id1",
          "type": "object",
          "position": "heap",
          "items": [],
          "value": "list"
        },
        {
          "id": "2cf138f2-e285-4f58-ae59-563d9297727b",
          "name": "id2",
          "type": "object",
          "position": "heap",
          "items": [],
          "value": "list"
        },
        {
          "id": "f52586e8-0606-42b8-92d4-bcc8dd861a34",
          "name": "id3",
          "type": "object",
          "position": "heap",
          "items": [],
          "value": "list"
        },
        {
          "id": "8eec7370-4c81-44d8-a77a-d349c9a7621c",
          "name": "id4",
          "type": "object",
          "position": "heap",
          "items": [],
          "value": "list"
        }
      ],
      "frames": [],
      "objects": {
        "2bb21ed6-357d-4d48-afd7-522d342130e1": [
          {
            "id": "3af23f51-384f-470c-8784-917a4ebc5015",
            "name": "0",
            "value": "id2",
            "type": "variable",
            "position": "heap-object-2bb21ed6-357d-4d48-afd7-522d342130e1"
          },
          {
            "id": "43d12378-55f1-4fdc-8c46-cd496344114b",
            "name": "1",
            "value": "id3",
            "type": "variable",
            "position": "heap-object-2bb21ed6-357d-4d48-afd7-522d342130e1"
          }
        ],
        "2cf138f2-e285-4f58-ae59-563d9297727b": [
          {
            "id": "4d31e96e-447d-4bf7-b189-44f4a97ff076",
            "name": "0",
            "value": "10",
            "type": "variable",
            "position": "heap-object-2cf138f2-e285-4f58-ae59-563d9297727b"
          },
          {
            "id": "fd8afdd8-e3f9-411b-9e8e-43a228fc5510",
            "name": "1",
            "value": "3",
            "type": "variable",
            "position": "heap-object-2cf138f2-e285-4f58-ae59-563d9297727b"
          }
        ],
        "f52586e8-0606-42b8-92d4-bcc8dd861a34": [
          {
            "id": "f5e3a637-130a-4955-92ac-b6b546c51bad",
            "name": "0",
            "value": "1",
            "type": "variable",
            "position": "heap-object-f52586e8-0606-42b8-92d4-bcc8dd861a34"
          },
          {
            "id": "10bb3e6e-b1ef-4d59-afb1-85f4bbf3e22e",
            "name": "1",
            "value": "3",
            "type": "variable",
            "position": "heap-object-f52586e8-0606-42b8-92d4-bcc8dd861a34"
          }
        ],
        "8eec7370-4c81-44d8-a77a-d349c9a7621c": [
          {
            "id": "3b124518-4c72-495b-b3b9-8b3b07682645",
            "name": "0",
            "value": "10",
            "type": "variable",
            "position": "heap-object-8eec7370-4c81-44d8-a77a-d349c9a7621c"
          },
          {
            "id": "fb4f1ea3-bee1-4b3e-8d83-83205a69262e",
            "name": "1",
            "value": "20",
            "type": "variable",
            "position": "heap-object-8eec7370-4c81-44d8-a77a-d349c9a7621c"
          }
        ]
      },
      "line": "7"
    },
    "19": {
      "globals": [
        {
          "id": "d73d31bf-d6f5-4dc6-a6df-3438706dda6e",
          "name": "table",
          "value": "id1",
          "type": "variable",
          "position": "globals"
        },
        {
          "id": "0e6172e6-518e-48b3-bb76-c6fe9f22cae7",
          "name": "row",
          "value": "id3",
          "type": "variable",
          "position": "globals"
        },
        {
          "id": "bd06b2b8-dfd3-4bb1-b922-85a5f9c32c4d",
          "name": "num",
          "value": "2",
          "type": "variable",
          "position": "globals"
        },
        {
          "id": "60cb5544-299f-42b3-84f1-6974b6620185",
          "name": "new_row",
          "value": "id4",
          "type": "variable",
          "position": "globals"
        }
      ],
      "stack": [],
      "heap": [
        {
          "id": "2bb21ed6-357d-4d48-afd7-522d342130e1",
          "name": "id1",
          "type": "object",
          "position": "heap",
          "items": [],
          "value": "list"
        },
        {
          "id": "2cf138f2-e285-4f58-ae59-563d9297727b",
          "name": "id2",
          "type": "object",
          "position": "heap",
          "items": [],
          "value": "list"
        },
        {
          "id": "f52586e8-0606-42b8-92d4-bcc8dd861a34",
          "name": "id3",
          "type": "object",
          "position": "heap",
          "items": [],
          "value": "list"
        },
        {
          "id": "8eec7370-4c81-44d8-a77a-d349c9a7621c",
          "name": "id4",
          "type": "object",
          "position": "heap",
          "items": [],
          "value": "list"
        }
      ],
      "frames": [],
      "objects": {
        "2bb21ed6-357d-4d48-afd7-522d342130e1": [
          {
            "id": "3af23f51-384f-470c-8784-917a4ebc5015",
            "name": "0",
            "value": "id2",
            "type": "variable",
            "position": "heap-object-2bb21ed6-357d-4d48-afd7-522d342130e1"
          },
          {
            "id": "43d12378-55f1-4fdc-8c46-cd496344114b",
            "name": "1",
            "value": "id3",
            "type": "variable",
            "position": "heap-object-2bb21ed6-357d-4d48-afd7-522d342130e1"
          },
          {
            "id": "d41494a5-8281-4830-b5ef-5f9910c424c4",
            "name": "2",
            "value": "id4",
            "type": "variable",
            "position": "heap-object-2bb21ed6-357d-4d48-afd7-522d342130e1"
          }
        ],
        "2cf138f2-e285-4f58-ae59-563d9297727b": [
          {
            "id": "4d31e96e-447d-4bf7-b189-44f4a97ff076",
            "name": "0",
            "value": "10",
            "type": "variable",
            "position": "heap-object-2cf138f2-e285-4f58-ae59-563d9297727b"
          },
          {
            "id": "fd8afdd8-e3f9-411b-9e8e-43a228fc5510",
            "name": "1",
            "value": "3",
            "type": "variable",
            "position": "heap-object-2cf138f2-e285-4f58-ae59-563d9297727b"
          }
        ],
        "f52586e8-0606-42b8-92d4-bcc8dd861a34": [
          {
            "id": "f5e3a637-130a-4955-92ac-b6b546c51bad",
            "name": "0",
            "value": "1",
            "type": "variable",
            "position": "heap-object-f52586e8-0606-42b8-92d4-bcc8dd861a34"
          },
          {
            "id": "10bb3e6e-b1ef-4d59-afb1-85f4bbf3e22e",
            "name": "1",
            "value": "3",
            "type": "variable",
            "position": "heap-object-f52586e8-0606-42b8-92d4-bcc8dd861a34"
          }
        ],
        "8eec7370-4c81-44d8-a77a-d349c9a7621c": [
          {
            "id": "3b124518-4c72-495b-b3b9-8b3b07682645",
            "name": "0",
            "value": "10",
            "type": "variable",
            "position": "heap-object-8eec7370-4c81-44d8-a77a-d349c9a7621c"
          },
          {
            "id": "fb4f1ea3-bee1-4b3e-8d83-83205a69262e",
            "name": "1",
            "value": "20",
            "type": "variable",
            "position": "heap-object-8eec7370-4c81-44d8-a77a-d349c9a7621c"
          }
        ]
      },
      "line": "8"
    },
    "20": {
      "globals": [
        {
          "id": "d73d31bf-d6f5-4dc6-a6df-3438706dda6e",
          "name": "table",
          "value": "id1",
          "type": "variable",
          "position": "globals"
        },
        {
          "id": "0e6172e6-518e-48b3-bb76-c6fe9f22cae7",
          "name": "row",
          "value": "id3",
          "type": "variable",
          "position": "globals"
        },
        {
          "id": "bd06b2b8-dfd3-4bb1-b922-85a5f9c32c4d",
          "name": "num",
          "value": "2",
          "type": "variable",
          "position": "globals"
        },
        {
          "id": "60cb5544-299f-42b3-84f1-6974b6620185",
          "name": "new_row",
          "value": "id4",
          "type": "variable",
          "position": "globals"
        },
        {
          "id": "835322df-8155-4cae-90cd-7d4fb6970969",
          "name": "first",
          "value": "20",
          "type": "variable",
          "position": "globals"
        }
      ],
      "stack": [],
      "heap": [
        {
          "id": "2bb21ed6-357d-4d48-afd7-522d342130e1",
          "name": "id1",
          "type": "object",
          "position": "heap",
          "items": [],
          "value": "list"
        },
        {
          "id": "2cf138f2-e285-4f58-ae59-563d9297727b",
          "name": "id2",
          "type": "object",
          "position": "heap",
          "items": [],
          "value": "list"
        },
        {
          "id": "f52586e8-0606-42b8-92d4-bcc8dd861a34",
          "name": "id3",
          "type": "object",
          "position": "heap",
          "items": [],
          "value": "list"
        },
        {
          "id": "8eec7370-4c81-44d8-a77a-d349c9a7621c",
          "name": "id4",
          "type": "object",
          "position": "heap",
          "items": [],
          "value": "list"
        }
      ],
      "frames": [],
      "objects": {
        "2bb21ed6-357d-4d48-afd7-522d342130e1": [
          {
            "id": "3af23f51-384f-470c-8784-917a4ebc5015",
            "name": "0",
            "value": "id2",
            "type": "variable",
            "position": "heap-object-2bb21ed6-357d-4d48-afd7-522d342130e1"
          },
          {
            "id": "43d12378-55f1-4fdc-8c46-cd496344114b",
            "name": "1",
            "value": "id3",
            "type": "variable",
            "position": "heap-object-2bb21ed6-357d-4d48-afd7-522d342130e1"
          },
          {
            "id": "d41494a5-8281-4830-b5ef-5f9910c424c4",
            "name": "2",
            "value": "id4",
            "type": "variable",
            "position": "heap-object-2bb21ed6-357d-4d48-afd7-522d342130e1"
          }
        ],
        "2cf138f2-e285-4f58-ae59-563d9297727b": [
          {
            "id": "4d31e96e-447d-4bf7-b189-44f4a97ff076",
            "name": "0",
            "value": "10",
            "type": "variable",
            "position": "heap-object-2cf138f2-e285-4f58-ae59-563d9297727b"
          },
          {
            "id": "fd8afdd8-e3f9-411b-9e8e-43a228fc5510",
            "name": "1",
            "value": "3",
            "type": "variable",
            "position": "heap-object-2cf138f2-e285-4f58-ae59-563d9297727b"
          }
        ],
        "f52586e8-0606-42b8-92d4-bcc8dd861a34": [
          {
            "id": "f5e3a637-130a-4955-92ac-b6b546c51bad",
            "name": "0",
            "value": "1",
            "type": "variable",
            "position": "heap-object-f52586e8-0606-42b8-92d4-bcc8dd861a34"
          },
          {
            "id": "10bb3e6e-b1ef-4d59-afb1-85f4bbf3e22e",
            "name": "1",
            "value": "3",
            "type": "variable",
            "position": "heap-object-f52586e8-0606-42b8-92d4-bcc8dd861a34"
          }
        ],
        "8eec7370-4c81-44d8-a77a-d349c9a7621c": [
          {
            "id": "3b124518-4c72-495b-b3b9-8b3b07682645",
            "name": "0",
            "value": "10",
            "type": "variable",
            "position": "heap-object-8eec7370-4c81-44d8-a77a-d349c9a7621c"
          },
          {
            "id": "fb4f1ea3-bee1-4b3e-8d83-83205a69262e",
            "name": "1",
            "value": "20",
            "type": "variable",
            "position": "heap-object-8eec7370-4c81-44d8-a77a-d349c9a7621c"
          }
        ]
      },
      "line": "9"
    },
    "21": {
      "globals": [
        {
          "id": "d73d31bf-d6f5-4dc6-a6df-3438706dda6e",
          "name": "table",
          "value": "id1",
          "type": "variable",
          "position": "globals"
        },
        {
          "id": "0e6172e6-518e-48b3-bb76-c6fe9f22cae7",
          "name": "row",
          "value": "id3",
          "type": "variable",
          "position": "globals"
        },
        {
          "id": "bd06b2b8-dfd3-4bb1-b922-85a5f9c32c4d",
          "name": "num",
          "value": "2",
          "type": "variable",
          "position": "globals"
        },
        {
          "id": "60cb5544-299f-42b3-84f1-6974b6620185",
          "name": "new_row",
          "value": "id4",
          "type": "variable",
          "position": "globals"
        },
        {
          "id": "835322df-8155-4cae-90cd-7d4fb6970969",
          "name": "first",
          "value": "20",
          "type": "variable",
          "position": "globals"
        },
        {
          "id": "84fc1b09-0898-4857-81a9-d4314e9ff8c2",
          "name": "second",
          "value": "1",
          "type": "variable",
          "position": "globals"
        }
      ],
      "stack": [],
      "heap": [
        {
          "id": "2bb21ed6-357d-4d48-afd7-522d342130e1",
          "name": "id1",
          "type": "object",
          "position": "heap",
          "items": [],
          "value": "list"
        },
        {
          "id": "2cf138f2-e285-4f58-ae59-563d9297727b",
          "name": "id2",
          "type": "object",
          "position": "heap",
          "items": [],
          "value": "list"
        },
        {
          "id": "f52586e8-0606-42b8-92d4-bcc8dd861a34",
          "name": "id3",
          "type": "object",
          "position": "heap",
          "items": [],
          "value": "list"
        },
        {
          "id": "8eec7370-4c81-44d8-a77a-d349c9a7621c",
          "name": "id4",
          "type": "object",
          "position": "heap",
          "items": [],
          "value": "list"
        }
      ],
      "frames": [],
      "objects": {
        "2bb21ed6-357d-4d48-afd7-522d342130e1": [
          {
            "id": "3af23f51-384f-470c-8784-917a4ebc5015",
            "name": "0",
            "value": "id2",
            "type": "variable",
            "position": "heap-object-2bb21ed6-357d-4d48-afd7-522d342130e1"
          },
          {
            "id": "43d12378-55f1-4fdc-8c46-cd496344114b",
            "name": "1",
            "value": "id3",
            "type": "variable",
            "position": "heap-object-2bb21ed6-357d-4d48-afd7-522d342130e1"
          },
          {
            "id": "d41494a5-8281-4830-b5ef-5f9910c424c4",
            "name": "2",
            "value": "id4",
            "type": "variable",
            "position": "heap-object-2bb21ed6-357d-4d48-afd7-522d342130e1"
          }
        ],
        "2cf138f2-e285-4f58-ae59-563d9297727b": [
          {
            "id": "4d31e96e-447d-4bf7-b189-44f4a97ff076",
            "name": "0",
            "value": "10",
            "type": "variable",
            "position": "heap-object-2cf138f2-e285-4f58-ae59-563d9297727b"
          },
          {
            "id": "fd8afdd8-e3f9-411b-9e8e-43a228fc5510",
            "name": "1",
            "value": "3",
            "type": "variable",
            "position": "heap-object-2cf138f2-e285-4f58-ae59-563d9297727b"
          }
        ],
        "f52586e8-0606-42b8-92d4-bcc8dd861a34": [
          {
            "id": "f5e3a637-130a-4955-92ac-b6b546c51bad",
            "name": "0",
            "value": "1",
            "type": "variable",
            "position": "heap-object-f52586e8-0606-42b8-92d4-bcc8dd861a34"
          },
          {
            "id": "10bb3e6e-b1ef-4d59-afb1-85f4bbf3e22e",
            "name": "1",
            "value": "3",
            "type": "variable",
            "position": "heap-object-f52586e8-0606-42b8-92d4-bcc8dd861a34"
          }
        ],
        "8eec7370-4c81-44d8-a77a-d349c9a7621c": [
          {
            "id": "3b124518-4c72-495b-b3b9-8b3b07682645",
            "name": "0",
            "value": "10",
            "type": "variable",
            "position": "heap-object-8eec7370-4c81-44d8-a77a-d349c9a7621c"
          },
          {
            "id": "fb4f1ea3-bee1-4b3e-8d83-83205a69262e",
            "name": "1",
            "value": "20",
            "type": "variable",
            "position": "heap-object-8eec7370-4c81-44d8-a77a-d349c9a7621c"
          }
        ]
      },
      "line": "DONE"
    }
  },
  "code": "table = [[2, 3], [1, 1]]\nfor row in table:\n    for num in row:\n        table[0][0] += num\n    table[1][1] += 1\nnew_row = [10, 20]\ntable.append(new_row)\nfirst = table[2][1]\nsecond = table[1][0]"
}